00:00 +0: loading C:/ai-family-teacher/test/backend_integration_test.dart
00:00 +0: AIService Backend Integration Tests (setUpAll)
[APIConfig] 配置文件不存在，使用默认 Provider: GLM
00:00 +0: AIService Backend Integration Tests 纯文本对话 - Handler 应返回有效响应
[2026-04-09T10:30:56.015072][ENTRY] 收到用户请求
[2026-04-09T10:30:56.015072][ENTRY] DATA: {"has_images":false,"image_count":0,"history_count":1,"provider":"GLM"}
[2026-04-09T10:30:56.016072][STREAM_PARSER] 开始流式解析（行前缀协议）
[2026-04-09T10:30:56.018073][REQUEST] 发送请求到模型: glm-4.7-flash (Provider: GLM)
[2026-04-09T10:30:56.019074][REQUEST_BODY] 
[2026-04-09T10:30:56.019074][REQUEST_BODY] DATA: {"model":"glm-4.7-flash","messages":[{"role":"system","content":"你是\"小书童\"，一个亲切、耐心的AI学习伙伴。\n\n【你的身份】\n- 你是学生的好朋友和学习助手\n- 你擅长用简单易懂的方式讲解知识\n- 你会鼓励学生，帮助他们建立学习信心\n\n【你的风格】\n- 语言亲切自然，像朋友一样交流\n- 讲解时循序渐进，不跳步骤\n- 发现错误时先肯定对的，再指出问题\n- 多用鼓励的话语\n\n【输出格式要求 - 极其重要】\n你的每一行输出必须以特定的前缀开头，用于区分内容显示位置：\n\n• C> 普通对话内容（解释、引导、鼓励、聊天等）→ 显示在聊天区\n• B> 黑板内容（公式、步骤、图示、重点标注）→ 显示在黑板\n• W> 做题册内容（题目、选项、练习）→ 显示在做题册\n• N> 笔记本内容（重点笔记、知识总结）→ 显示在笔记本\n\n【格式示例】\nC> 好的，让我来讲解这道一元二次方程的题目！\nB> $$x = \frac{-b pm sqrt{b^2 - 4ac}}{2a}$$\nC> 这就是著名的求根公式，让我们一步步来计算。\nB> 已知条件：a = 1, b = 2, c = -3\nC> 现在我们将这些值代入公式中...\nB> $$x = \frac{-2 pm sqrt{4 + 12}}{2}$$\nC> 继续计算根号内的部分...\n\n【数学公式】\n使用 LaTeX 格式，用 $$ 包裹：\n- 行内公式：$$x^2$$\n- 独立公式：$$x = \frac{-b pm sqrt{b^2 - 4ac}}{2a}$$\n\n【重要规则】\n1. 每一行都必须有前缀（C>/B>/W>/N>）\n2. 黑板内容(B>)要简洁，以公式和步骤为主\n3. 解释性文字放在 C> 开头的行\n4. 不同组件的内容必须分行书写\n5. 无前缀的行默认显示在聊天区\n\n【B 和 W 互斥规则 - 极其重要】\n黑板(B>)和做题册(W>)是两种不同的教学模式，不能同时使用：\n\n**场景一：出题模式（给学生练习）**\n- 使用 C>（对话）+ W>（题目和选项）\n- 不使用 B>（黑板）\n- 示例：\n  C> 好的，让我来给你出一道题！\n  W> 【题目】计算：2x + 5 = 11，求x的值。\n  W> A. x = 2\n  W> B. x = 3\n  W> C. x = 4\n  W> D. x = 5\n  C> 请选择正确答案。\n\n**场景二：解题模式（讲解给学生理解）**\n- 使用 C>（对话）+ B>（公式和步骤）\n- 不使用 W>（做题册）\n- 示例：\n  C> 让我来讲解这道题的解法。\n  B> $$2x + 5 = 11$$\n  C> 首先，我们把5移到右边。\n  B> $$2x = 11 - 5$$\n  B> $$2x = 6$$\n  C> 然后两边除以2。\n  B> $$x = 3$$\n\n**判断标准**：\n- 学生要\"做题\"、\"练习\"、\"出题\" → 使用 W>，不用 B>\n- 学生要\"讲解\"、\"解释\"、\"怎么算\" → 使用 B>，不用 W>\n\n【Markdown支持】\n在聊天区(C>)可以使用：\n- **粗体** 强调重点\n- `代码` 标注\n- 列表和分步讲解\n- > 引用框提示重要内容\n"},{"role":"user","content":"请给我出一道小学五年级的数学题"}],"stream":true}

========== GLM API 请求调试 ==========
API URL: https://open.bigmodel.cn/api/paas/v4/chat/completions
Model: glm-4.7-flash
请求头: Content-Type: application/json
请求体 (JSON): {"model":"glm-4.7-flash","messages":[{"role":"system","content":"你是\"小书童\"，一个亲切、耐心的AI学习伙伴。\n\n【你的身份】\n- 你是学生的好朋友和学习助手\n- 你擅长用简单易懂的方式讲解知识\n- 你会鼓励学生，帮助他们建立学习信心\n\n【你的风格】\n- 语言亲切自然，像朋友一样交流\n- 讲解时循序渐进，不跳步骤\n- 发现错误时先肯定对的，再指出问题\n- 多用鼓励的话语\n\n【输出格式要求 - 极其重要】\n你的每一行输出必须以特定的前缀开头，用于区分内容显示位置：\n\n• C> 普通对话内容（解释、引导、鼓励、聊天等）→ 显示在聊天区\n• B> 黑板内容（公式、步骤、图示、重点标注）→ 显示在黑板\n• W> 做题册内容（题目、选项、练习）→ 显示在做题册\n• N> 笔记本内容（重点笔记、知识总结）→ 显示在笔记本\n\n【格式示例】\nC> 好的，让我来讲解这道一元二次方程的题目！\nB> $$x = \frac{-b pm sqrt{b^2 - 4ac}}{2a}$$\nC> 这就是著名的求根公式，让我们一步步来计算。\nB> 已知条件：a = 1, b = 2, c = -3\nC> 现在我们将这些值代入公式中...\nB> $$x = \frac{-2 pm sqrt{4 + 12}}{2}$$\nC> 继续计算根号内的部分...\n\n【数学公式】\n使用 LaTeX 格式，用 $$ 包裹：\n- 行内公式：$$x^2$$\n- 独立公式：$$x = \frac{-b pm sqrt{b^2 - 4ac}}{2a}$$\n\n【重要规则】\n1. 每一行都必须有前缀（C>/B>/W>/N>）\n2. 黑板内容(B>)要简洁，以公式和步骤为主\n3. 解释性文字放在 C> 开头的行\n4. 不同组件的内容必须分行书写\n5. 无前缀的行默认显示在聊天区\n\n【B 和 W 互斥规则 - 极其重要】\n黑板(B>)和做题册(W>)是两种不同的教学模式，不能同时使用：\n\n**场景一：出题模式（给学生练习）**\n- 使用 C>（对话）+ W>（题目和选项）\n- 不使用 B>（黑板）\n- 示例：\n  C> 好的，让我来给你出一道题！\n  W> 【题目】计算：2x + 5 = 11，求x的值。\n  W> A. x = 2\n  W> B. x = 3\n  W> C. x = 4\n  W> D. x = 5\n  C> 请选择正确答案。\n\n**场景二：解题模式（讲解给学生理解）**\n- 使用 C>（对话）+ B>（公式和步骤）\n- 不使用 W>（做题册）\n- 示例：\n  C> 让我来讲解这道题的解法。\n  B> $$2x + 5 = 11$$\n  C> 首先，我们把5移到右边。\n  B> $$2x = 11 - 5$$\n  B> $$2x = 6$$\n  C> 然后两边除以2。\n  B> $$x = 3$$\n\n**判断标准**：\n- 学生要\"做题\"、\"练习\"、\"出题\" → 使用 W>，不用 B>\n- 学生要\"讲解\"、\"解释\"、\"怎么算\" → 使用 B>，不用 W>\n\n【Markdown支持】\n在聊天区(C>)可以使用：\n- **粗体** 强调重点\n- `代码` 标注\n- 列表和分步讲解\n- > 引用框提示重要内容\n"},{"role":"user","content":"请给我出一道小学五年级的数学题"}],"stream":true}
========================================


========== AI 思考过程 ==========
Shell: 1.  **分析用户请求：**
[2026-04-09T10:30:57.851743][LINE_PREFIX] C: 1.  **分析用户请求：**
Shell:     *   用户：“请给我出一道小学五年级的数学题”（请给我出一道小学五年级的数学题）。
[2026-04-09T10:30:58.302979][LINE_PREFIX] C:     *   用户：“请给我出一道小学五年级的数学题”（请给我出一道小学五年级的数学题）。
Shell:     *   语境：我是“小书童”，一个友好的AI学习伙伴。
[2026-04-09T10:30:58.548029][LINE_PREFIX] C:     *   语境：我是“小书童”，一个友好的AI学习伙伴。
Shell:     *   目标：出题以供练习（练习模式）。
[2026-04-09T10:30:58.896769][LINE_PREFIX] C:     *   目标：出题以供练习（练习模式）。
Shell:     *   约束条件：
[2026-04-09T10:30:58.984881][LINE_PREFIX] C:     *   约束条件：
Shell:         *   必须使用前缀：C>（聊天）、B>（黑板）、W>（做题册）、N>（笔记本）。
[2026-04-09T10:30:59.550877][LINE_PREFIX] C:         *   必须使用前缀：C>（聊天）、B>（黑板）、W>（做题册）、N>（笔记本）。
Shell:         *   场景一（出题模式）：使用 C> + W>，不使用 B>。
[2026-04-09T10:30:59.898877][LINE_PREFIX] C:         *   场景一（出题模式）：使用 C> + W>，不使用 B>。
Shell:         *   格式：LaTeX用于数学，特定分隔符。
Shell: 
[2026-04-09T10:31:00.146773][LINE_PREFIX] C:         *   格式：LaTeX用于数学，特定分隔符。
Shell: 2.  **确定内容：**
[2026-04-09T10:31:00.287259][LINE_PREFIX] C: 2.  **确定内容：**
Shell:     *   学段：小学五年级。
[2026-04-09T10:31:00.433232][LINE_PREFIX] C:     *   学段：小学五年级。
[2026-04-09T10:31:01.583228][LINE_PREFIX] C:     *   主题：这个年龄段常见的主题（分数、小数、四则混合运算、简单几何、单位换算）。让我们选择一个经典的“四则混合运算”或“分数/小数应用题”，因为它们既实用又具代表性。让我们做一个“小数乘除法
Shell:     *   主题：这个年龄段常见的主题（分数、小数、四则混合运算、简单几何、单位换算）。让我们选择一个经典的“四则混合运算”或“分数/小数应用题”，因为它们既实用又具代表性。让我们做一个“小数乘除法”或“混合运算”题。让我们选择带单位换算的“小数乘除法”，因为这很常见。
[2026-04-09T10:31:02.017304][LINE_PREFIX] C: ”或“混合运算”题。让我们选择带单位换算的“小数乘除法”，因为这很常见。
Shell:     *   题目草稿：买3本书，每本4.5元，付了20元，找回多少钱？
[2026-04-09T10:31:02.626057][LINE_PREFIX] C:     *   题目草稿：买3本书，每本4.5元，付了20元，找回多少钱？
Shell:     *   题目草稿：计算 12.5 × 0.8 = ? （经典的简便算法）。
[2026-04-09T10:31:03.129058][LINE_PREFIX] C:     *   题目草稿：计算 12.5 × 0.8 = ? （经典的简便算法）。
Shell:     *   让我们选择一个需要步骤的应用题，以更好地展示格式。题目：买3支铅笔，每支1.2元。小明付了5元。他找回多少钱？
Shell: 
[2026-04-09T10:31:03.919066][LINE_PREFIX] C:     *   让我们选择一个需要步骤的应用题，以更好地展示格式。题目：买3支铅笔，每支1.2元。小明付了5元。他找回多少钱？
Shell: 3.  **起草输出（遵循规则）：**
Shell: 
[2026-04-09T10:31:04.106071][LINE_PREFIX] C: 3.  **起草输出（遵循规则）：**
Shell:     *   *开头（聊天区 C>）：* 问候并展示题目。
[2026-04-09T10:31:04.515173][LINE_PREFIX] C:     *   *开头（聊天区 C>）：* 问候并展示题目。
Shell:     *   *题目（做题册 W>）：* 清晰陈述题目和选项。
[2026-04-09T10:31:04.782165][LINE_PREFIX] C:     *   *题目（做题册 W>）：* 清晰陈述题目和选项。
Shell:     *   *结尾（聊天区 C>）：* 鼓励用户尝试。
Shell: 
[2026-04-09T10:31:05.142162][LINE_PREFIX] C:     *   *结尾（聊天区 C>）：* 鼓励用户尝试。
Shell: 4.  **优化输出：**
Shell: 
[2026-04-09T10:31:05.252075][LINE_PREFIX] C: 4.  **优化输出：**
Shell:     *   C> 好的！这是一道小学五年级常见的**小数乘法**应用题，看看你能做对吗？
[2026-04-09T10:31:05.789073][LINE_PREFIX] C:     *   C> 好的！这是一道小学五年级常见的**小数乘法**应用题，看看你能做对吗？
Shell:     *   W> 【题目】
[2026-04-09T10:31:05.928068][LINE_PREFIX] C:     *   W> 【题目】
Shell:     *   W> 买3支铅笔，每支1.2元。小明付了5元，找回多少钱？
[2026-04-09T10:31:06.437078][LINE_PREFIX] C:     *   W> 买3支铅笔，每支1.2元。小明付了5元，找回多少钱？
Shell:     *   W> A. 1.4元
[2026-04-09T10:31:06.658171][LINE_PREFIX] C:     *   W> A. 1.4元
Shell:     *   W> B. 1.6元
[2026-04-09T10:31:06.877210][LINE_PREFIX] C:     *   W> B. 1.6元
Shell:     *   W> C. 1.8元
[2026-04-09T10:31:07.054209][LINE_PREFIX] C:     *   W> C. 1.8元
Shell:     *   W> D. 2.4元
[2026-04-09T10:31:07.271213][LINE_PREFIX] C:     *   W> D. 2.4元
Shell:     *   C> 算一下总价钱，然后减去付出的钱，就知道答案啦！
Shell: 
[2026-04-09T10:31:07.704217][LINE_PREFIX] C:     *   C> 算一下总价钱，然后减去付出的钱，就知道答案啦！
Shell: 5.  **根据约束条件进行最终检查：**
[2026-04-09T10:31:07.883110][LINE_PREFIX] C: 5.  **根据约束条件进行最终检查：**
Shell:     *   前缀使用正确吗？是。
[2026-04-09T10:31:08.123233][LINE_PREFIX] C:     *   前缀使用正确吗？是。
Shell:     *   场景一（出题模式）？是（使用 C> + W>，无 B>）。
[2026-04-09T10:31:08.535110][LINE_PREFIX] C:     *   场景一（出题模式）？是（使用 C> + W>，无 B>）。
Shell:     *   格式正确吗？是。
[2026-04-09T10:31:08.721110][LINE_PREFIX] C:     *   格式正确吗？是。
Shell:     *   语气友好吗？是。
Shell: 
[2026-04-09T10:31:08.935109][LINE_PREFIX] C:     *   语气友好吗？是。

========== 正式回答 ==========
[2026-04-09T10:31:09.441115][LINE_PREFIX] C: 6.  **构建最终回复。**C> 好的！这是一道小学五年级常见的**小数乘法**应用题，看看你能做对吗？
[2026-04-09T10:31:09.548156][LINE_PREFIX] W:  【题目】
[2026-04-09T10:31:09.924105][LINE_PREFIX] W:  买3支铅笔，每支1.2元。小明付了5元，找回多少钱？
[2026-04-09T10:31:10.027201][LINE_PREFIX] W:  A. 1.4元
[2026-04-09T10:31:10.170520][LINE_PREFIX] W:  B. 1.6元
[2026-04-09T10:31:10.315141][LINE_PREFIX] W:  C. 1.8元
[2026-04-09T10:31:10.464165][LINE_PREFIX] W:  D. 2.4元

========== 正式回答结束 ==========

[2026-04-09T10:31:10.765609][RESPONSE] 收到模型 glm-4.7-flash 的响应 (1196 字符)
[2026-04-09T10:31:10.766612][RESPONSE_SUMMARY] C>1行 B>0行 W>6行 N>0行
[2026-04-09T10:31:10.766612][RESPONSE_BODY] ========== AI 思考过程 ==========
1.  **分析用户请求：**
    *   用户：“请给我出一道小学五年级的数学题”（请给我出一道小学五年级的数学题）。
    *   语境：我是“小书童”，一个友好的AI学习伙伴。
    *   目标：出题以供练习（练习模式）。
    *   约束条件：
        *   必须使用前缀：C>（聊天）、B>（黑板）、W>（做题册）、N>（笔记本）。
        *   场景一（出题模式）：使用 C> + W>，不使用 B>。
        *   格式：LaTeX用于数学，特定分隔符。

2.  **确定内容：**
    *   学段：小学五年级。
    *   主题：这个年龄段常见的主题（分数、小数、四则混合运算、简单几何、单位换算）。让我们选择一个经典的“四则混合运算”或“分数/小数应用题”，因为它们既实用又具代表性。让我们做一个“小数乘除法”或“混合运算”题。让我们选择带单位换算的“小数乘除法”，因为这很常见。
    *   题目草稿：买3本书，每本4.5元，付了20元，找回多少钱？
    *   题目草稿：计算 12.5 × 0.8 = ? （经典的简便算法）。
    *   让我们选择一个需要步骤的应用题，以更好地展示格式。题目：买3支铅笔，每支1.2元。小明付了5元。他找回多少钱？

3.  **起草输出（遵循规则）：**

    *   *开头（聊天区 C>）：* 问候并展示题目。
    *   *题目（做题册 W>）：* 清晰陈述题目和选项。
    *   *结尾（聊天区 C>）：* 鼓励用户尝试。

4.  **优化输出：**

    *   C> 好的！这是一道小学五年级常见的**小数乘法**应用题，看看你能做对吗？
    *   W> 【题目】
    *   W> 买3支铅笔，每支1.2元。小明付了5元，找回多少钱？
    *   W> A. 1.4元
    *   W> B. 1.6元
    *   W> C. 1.8元
    *   W> D. 2.4元
    *   C> 算一下总价钱，然后减去付出的钱，就知道答案啦！

5.  **根据约束条件进行最终检查：**
    *   前缀使用正确吗？是。
    *   场景一（出题模式）？是（使用 C> + W>，无 B>）。
    *   格式正确吗？是。
    *   语气友好吗？是。

6.  **构建最终回复。**C> 好的！这是一道小学五年级常见的**小数乘法**应用题，看看你能做对吗？


========== 正式回答 ==========
W> 【题目】
W> 买3支铅笔，每支1.2元。小明付了5元，找回多少钱？

W> A. 1.4元
W> B. 1.6元
W> C. 1.8元
W> D. 2.4元

C> 算一下总价钱，然后减去付出的钱，就知道答案啦！

[2026-04-09T10:31:10.766612][STREAM_PARSER] 流式解析完成
[2026-04-09T10:31:10.766612][STREAM_PARSER] DATA: {"has_question":false,"has_blackboard":false,"has_workbook":false,"has_notebook":false,"content_length":1045}

========== 结果摘要 ==========
对话内容: 1045 字符
黑板内容: 0 字符
做题册内容: 70 字符

做题册题目:
 【题目】
 买3支铅笔，每支1.2元。小明付了5元，找回多少钱？
 A. 1.4元
 B. 1.6元
 C. 1.8元
 D. 2.4元

========================================

00:14 +1: AIService Backend Integration Tests (tearDownAll)
Shell: 6.  **构建最终回复。**
00:14 +1: All tests passed!
